// Jest Snapshot v1, https://goo.gl/fbAQLP

exports[`QuestionList Component should render QuestionList component correctly 1`] = `
<QuestionList
  answers={
    Array [
      Object {
        "answer": "Neque officiis quod quo perferendis voluptatum aut sed. Aut in pariatur tempora et animi saepe non. Iure neque quia qui qui qui excepturi. Quod vitae pariatur nisi neque quidem voluptates maxime qui.",
        "answer_id": 1,
        "created_at": "2020-01-15T19:45:38.000Z",
        "helpful": 1,
        "not_helpful": 12,
        "product_id": 1,
        "question_id": 1,
        "user_name": "Nichole",
      },
      Object {
        "answer": "Qui sit vel aut molestiae. Expedita quia ipsam. Soluta accusantium aspernatur consequatur quibusdam magnam quas. Voluptas fuga sapiente nam distinctio deserunt fuga atque.",
        "answer_id": 2,
        "created_at": "2020-05-03T22:34:22.000Z",
        "helpful": 19,
        "not_helpful": 27,
        "product_id": 1,
        "question_id": 1,
        "user_name": "Arianna",
      },
      Object {
        "answer": "Soluta optio deserunt ipsam aut hic nostrum quaerat. Voluptatem accusamus harum.",
        "answer_id": 3,
        "created_at": "2020-03-09T08:11:04.000Z",
        "helpful": 16,
        "not_helpful": 35,
        "product_id": 1,
        "question_id": 2,
        "user_name": "Joshua",
      },
      Object {
        "answer": "Nisi distinctio praesentium. Qui maxime qui a laborum eum quia sed vero quae. Cupiditate voluptatem aut culpa dolores omnis enim voluptas recusandae. Assumenda et voluptatem sed unde impedit autem cupiditate cum.",
        "answer_id": 4,
        "created_at": "2020-03-12T15:16:48.000Z",
        "helpful": 37,
        "not_helpful": 39,
        "product_id": 1,
        "question_id": 2,
        "user_name": "Hubert",
      },
    ]
  }
  questions={
    Array [
      Object {
        "created_at": "2020-04-02T17:51:57.000Z",
        "product_id": 91,
        "question": "Aut eum aut laboriosam id laborum vel omnis voluptas?",
        "question_id": 1,
        "user_name": "Dedrick",
      },
      Object {
        "created_at": "2020-05-18T20:14:35.000Z",
        "product_id": 91,
        "question": "Ea quisquam atque molestiae non qui accusantium?",
        "question_id": 2,
        "user_name": "Freda",
      },
    ]
  }
>
  <div />
</QuestionList>
`;
